// Jest Snapshot v1, https://goo.gl/fbAQLP

exports[`Component renders without crashing 1`] = `
Object {
  "asFragment": [Function],
  "baseElement": <body>
    <div>
      <div
        class="course-container"
      >
         
        <h2
          class="add-h2"
        >
          Add Course
        </h2>
        <form>
          <div>
            <label
              for="name"
            >
              Course name:  
            </label>
            <input
              id="name"
              name="name"
              type="text"
            />
          </div>
          <div>
            <label
              for="number"
            >
              Course number:  
            </label>
            <input
              id="number"
              name="number"
              type="text"
            />
          </div>
          <div>
            <label
              for="length"
            >
              Length:  
            </label>
            <input
              id="length"
              name="length"
              type="text"
            />
          </div>
          <div>
            <label
              for="description"
            >
              Description:  
            </label>
            <input
              id="description"
              name="description"
              type="text"
            />
          </div>
          <div>
            <label
              for="startDate"
            >
              Start date:  
            </label>
            <input
              id="startDate"
              name="startDate"
              type="text"
            />
          </div>
          <div
            class="btns-container"
          >
            <button
              class="btn"
            >
              Add
            </button>
            <button
              class="btn"
            >
              Cancel
            </button>
          </div>
        </form>
         
      </div>
    </div>
  </body>,
  "container": <div>
    <div
      class="course-container"
    >
       
      <h2
        class="add-h2"
      >
        Add Course
      </h2>
      <form>
        <div>
          <label
            for="name"
          >
            Course name:  
          </label>
          <input
            id="name"
            name="name"
            type="text"
          />
        </div>
        <div>
          <label
            for="number"
          >
            Course number:  
          </label>
          <input
            id="number"
            name="number"
            type="text"
          />
        </div>
        <div>
          <label
            for="length"
          >
            Length:  
          </label>
          <input
            id="length"
            name="length"
            type="text"
          />
        </div>
        <div>
          <label
            for="description"
          >
            Description:  
          </label>
          <input
            id="description"
            name="description"
            type="text"
          />
        </div>
        <div>
          <label
            for="startDate"
          >
            Start date:  
          </label>
          <input
            id="startDate"
            name="startDate"
            type="text"
          />
        </div>
        <div
          class="btns-container"
        >
          <button
            class="btn"
          >
            Add
          </button>
          <button
            class="btn"
          >
            Cancel
          </button>
        </div>
      </form>
       
    </div>
  </div>,
  "debug": [Function],
  "findAllByAltText": [Function],
  "findAllByDisplayValue": [Function],
  "findAllByLabelText": [Function],
  "findAllByPlaceholderText": [Function],
  "findAllByRole": [Function],
  "findAllByTestId": [Function],
  "findAllByText": [Function],
  "findAllByTitle": [Function],
  "findByAltText": [Function],
  "findByDisplayValue": [Function],
  "findByLabelText": [Function],
  "findByPlaceholderText": [Function],
  "findByRole": [Function],
  "findByTestId": [Function],
  "findByText": [Function],
  "findByTitle": [Function],
  "getAllByAltText": [Function],
  "getAllByDisplayValue": [Function],
  "getAllByLabelText": [Function],
  "getAllByPlaceholderText": [Function],
  "getAllByRole": [Function],
  "getAllByTestId": [Function],
  "getAllByText": [Function],
  "getAllByTitle": [Function],
  "getByAltText": [Function],
  "getByDisplayValue": [Function],
  "getByLabelText": [Function],
  "getByPlaceholderText": [Function],
  "getByRole": [Function],
  "getByTestId": [Function],
  "getByText": [Function],
  "getByTitle": [Function],
  "queryAllByAltText": [Function],
  "queryAllByDisplayValue": [Function],
  "queryAllByLabelText": [Function],
  "queryAllByPlaceholderText": [Function],
  "queryAllByRole": [Function],
  "queryAllByTestId": [Function],
  "queryAllByText": [Function],
  "queryAllByTitle": [Function],
  "queryByAltText": [Function],
  "queryByDisplayValue": [Function],
  "queryByLabelText": [Function],
  "queryByPlaceholderText": [Function],
  "queryByRole": [Function],
  "queryByTestId": [Function],
  "queryByText": [Function],
  "queryByTitle": [Function],
  "rerender": [Function],
  "unmount": [Function],
}
`;
