// Jest Snapshot v1, https://goo.gl/fbAQLP

exports[`Component renders without crashing 1`] = `
Object {
  "asFragment": [Function],
  "baseElement": <body>
    <div>
      <div
        class="teacher-form"
      >
         
        <h2
          class="add-h2"
        >
          Add teacher
        </h2>
        <form>
          <div>
            <label
              for="firstName"
            >
              Teachers first name:  
            </label>
            <input
              id="firstName"
              name="firstName"
              type="text"
            />
          </div>
          <div>
            <label
              for="lastName"
            >
              Teachers last name:  
            </label>
            <input
              id="lastName"
              name="lastName"
              type="text"
            />
          </div>
          <div>
            <label
              for="socSecNum"
            >
              Social security number:  
            </label>
            <input
              id="socSecNum"
              name="socSecNum"
              type="text"
            />
          </div>
          <div>
            <label
              for="email"
            >
              E-mail:  
            </label>
            <input
              id="email"
              name="email"
              type="text"
            />
          </div>
          <div>
            <label
              for="phoneNum"
            >
              Phone number:  
            </label>
            <input
              id="phoneNum"
              name="phoneNum"
              type="text"
            />
          </div>
          <div>
            <label
              for="competence"
            >
              Competencies:  
            </label>
            <input
              id="competence"
              name="competence"
              type="text"
            />
          </div>
          <div
            class="btns-container"
          >
            <button
              class="btn"
            >
              Add
            </button>
            <button
              class="btn"
            >
              Cancel
            </button>
          </div>
        </form>
          
      </div>
    </div>
  </body>,
  "container": <div>
    <div
      class="teacher-form"
    >
       
      <h2
        class="add-h2"
      >
        Add teacher
      </h2>
      <form>
        <div>
          <label
            for="firstName"
          >
            Teachers first name:  
          </label>
          <input
            id="firstName"
            name="firstName"
            type="text"
          />
        </div>
        <div>
          <label
            for="lastName"
          >
            Teachers last name:  
          </label>
          <input
            id="lastName"
            name="lastName"
            type="text"
          />
        </div>
        <div>
          <label
            for="socSecNum"
          >
            Social security number:  
          </label>
          <input
            id="socSecNum"
            name="socSecNum"
            type="text"
          />
        </div>
        <div>
          <label
            for="email"
          >
            E-mail:  
          </label>
          <input
            id="email"
            name="email"
            type="text"
          />
        </div>
        <div>
          <label
            for="phoneNum"
          >
            Phone number:  
          </label>
          <input
            id="phoneNum"
            name="phoneNum"
            type="text"
          />
        </div>
        <div>
          <label
            for="competence"
          >
            Competencies:  
          </label>
          <input
            id="competence"
            name="competence"
            type="text"
          />
        </div>
        <div
          class="btns-container"
        >
          <button
            class="btn"
          >
            Add
          </button>
          <button
            class="btn"
          >
            Cancel
          </button>
        </div>
      </form>
        
    </div>
  </div>,
  "debug": [Function],
  "findAllByAltText": [Function],
  "findAllByDisplayValue": [Function],
  "findAllByLabelText": [Function],
  "findAllByPlaceholderText": [Function],
  "findAllByRole": [Function],
  "findAllByTestId": [Function],
  "findAllByText": [Function],
  "findAllByTitle": [Function],
  "findByAltText": [Function],
  "findByDisplayValue": [Function],
  "findByLabelText": [Function],
  "findByPlaceholderText": [Function],
  "findByRole": [Function],
  "findByTestId": [Function],
  "findByText": [Function],
  "findByTitle": [Function],
  "getAllByAltText": [Function],
  "getAllByDisplayValue": [Function],
  "getAllByLabelText": [Function],
  "getAllByPlaceholderText": [Function],
  "getAllByRole": [Function],
  "getAllByTestId": [Function],
  "getAllByText": [Function],
  "getAllByTitle": [Function],
  "getByAltText": [Function],
  "getByDisplayValue": [Function],
  "getByLabelText": [Function],
  "getByPlaceholderText": [Function],
  "getByRole": [Function],
  "getByTestId": [Function],
  "getByText": [Function],
  "getByTitle": [Function],
  "queryAllByAltText": [Function],
  "queryAllByDisplayValue": [Function],
  "queryAllByLabelText": [Function],
  "queryAllByPlaceholderText": [Function],
  "queryAllByRole": [Function],
  "queryAllByTestId": [Function],
  "queryAllByText": [Function],
  "queryAllByTitle": [Function],
  "queryByAltText": [Function],
  "queryByDisplayValue": [Function],
  "queryByLabelText": [Function],
  "queryByPlaceholderText": [Function],
  "queryByRole": [Function],
  "queryByTestId": [Function],
  "queryByText": [Function],
  "queryByTitle": [Function],
  "rerender": [Function],
  "unmount": [Function],
}
`;
